Test method: shouldWriteTestResultToFile()
Result: passed